function createFormatWrap(opts) {
    return new Format(opts);
  } | error: error in checkUserBlock service MongoServerSelectionError: 88260000:error:0A000438:SSL routines:ssl3_read_bytes:tlsv1 alert internal error:c:\ws\deps\openssl\openssl\ssl\record\rec_layer_s3.c:1605:SSL alert number 80

function createFormatWrap(opts) {
    return new Format(opts);
  } | error: Error from checkUserBlock: Error: MongoServerSelectionError: 88260000:error:0A000438:SSL routines:ssl3_read_bytes:tlsv1 alert internal error:c:\ws\deps\openssl\openssl\ssl\record\rec_layer_s3.c:1605:SSL alert number 80

function createFormatWrap(opts) {
    return new Format(opts);
  } | error: error in checkUserBlock service MongoServerSelectionError: 88260000:error:0A000438:SSL routines:ssl3_read_bytes:tlsv1 alert internal error:c:\ws\deps\openssl\openssl\ssl\record\rec_layer_s3.c:1605:SSL alert number 80

function createFormatWrap(opts) {
    return new Format(opts);
  } | error: Error from checkUserBlock: Error: MongoServerSelectionError: 88260000:error:0A000438:SSL routines:ssl3_read_bytes:tlsv1 alert internal error:c:\ws\deps\openssl\openssl\ssl\record\rec_layer_s3.c:1605:SSL alert number 80

function createFormatWrap(opts) {
    return new Format(opts);
  } | error: guestAuth Error: MongoServerSelectionError: 88260000:error:0A000438:SSL routines:ssl3_read_bytes:tlsv1 alert internal error:c:\ws\deps\openssl\openssl\ssl\record\rec_layer_s3.c:1605:SSL alert number 80

function createFormatWrap(opts) {
    return new Format(opts);
  } | error: guestAuth Error: MongoServerSelectionError: 88260000:error:0A000438:SSL routines:ssl3_read_bytes:tlsv1 alert internal error:c:\ws\deps\openssl\openssl\ssl\record\rec_layer_s3.c:1605:SSL alert number 80

function createFormatWrap(opts) {
    return new Format(opts);
  } | error: error in loadHomePage serive MongoServerSelectionError: 88260000:error:0A000438:SSL routines:ssl3_read_bytes:tlsv1 alert internal error:c:\ws\deps\openssl\openssl\ssl\record\rec_layer_s3.c:1605:SSL alert number 80

function createFormatWrap(opts) {
    return new Format(opts);
  } | error: home page error: Error: MongoServerSelectionError: 88260000:error:0A000438:SSL routines:ssl3_read_bytes:tlsv1 alert internal error:c:\ws\deps\openssl\openssl\ssl\record\rec_layer_s3.c:1605:SSL alert number 80

function createFormatWrap(opts) {
    return new Format(opts);
  } | error: error in checkUserBlock service MongoServerSelectionError: 88260000:error:0A000438:SSL routines:ssl3_read_bytes:tlsv1 alert internal error:c:\ws\deps\openssl\openssl\ssl\record\rec_layer_s3.c:1605:SSL alert number 80

function createFormatWrap(opts) {
    return new Format(opts);
  } | error: Error from checkUserBlock: Error: MongoServerSelectionError: 88260000:error:0A000438:SSL routines:ssl3_read_bytes:tlsv1 alert internal error:c:\ws\deps\openssl\openssl\ssl\record\rec_layer_s3.c:1605:SSL alert number 80

function createFormatWrap(opts) {
    return new Format(opts);
  } | error: error in loadHomePage serive MongoServerSelectionError: 88260000:error:0A000438:SSL routines:ssl3_read_bytes:tlsv1 alert internal error:c:\ws\deps\openssl\openssl\ssl\record\rec_layer_s3.c:1605:SSL alert number 80

function createFormatWrap(opts) {
    return new Format(opts);
  } | error: home page error: Error: MongoServerSelectionError: 88260000:error:0A000438:SSL routines:ssl3_read_bytes:tlsv1 alert internal error:c:\ws\deps\openssl\openssl\ssl\record\rec_layer_s3.c:1605:SSL alert number 80

function createFormatWrap(opts) {
    return new Format(opts);
  } | error: guestAuth Error: MongoServerSelectionError: 88260000:error:0A000438:SSL routines:ssl3_read_bytes:tlsv1 alert internal error:c:\ws\deps\openssl\openssl\ssl\record\rec_layer_s3.c:1605:SSL alert number 80

function createFormatWrap(opts) {
    return new Format(opts);
  } | error: error in checkUserBlock service MongoServerSelectionError: 88260000:error:0A000438:SSL routines:ssl3_read_bytes:tlsv1 alert internal error:c:\ws\deps\openssl\openssl\ssl\record\rec_layer_s3.c:1605:SSL alert number 80

function createFormatWrap(opts) {
    return new Format(opts);
  } | error: Error from checkUserBlock: Error: MongoServerSelectionError: 88260000:error:0A000438:SSL routines:ssl3_read_bytes:tlsv1 alert internal error:c:\ws\deps\openssl\openssl\ssl\record\rec_layer_s3.c:1605:SSL alert number 80

function createFormatWrap(opts) {
    return new Format(opts);
  } | error: error in loadHomePage serive MongoServerSelectionError: 88260000:error:0A000438:SSL routines:ssl3_read_bytes:tlsv1 alert internal error:c:\ws\deps\openssl\openssl\ssl\record\rec_layer_s3.c:1605:SSL alert number 80

function createFormatWrap(opts) {
    return new Format(opts);
  } | error: home page error: Error: MongoServerSelectionError: 88260000:error:0A000438:SSL routines:ssl3_read_bytes:tlsv1 alert internal error:c:\ws\deps\openssl\openssl\ssl\record\rec_layer_s3.c:1605:SSL alert number 80

function createFormatWrap(opts) {
    return new Format(opts);
  } | error: guestAuth Error: MongoServerSelectionError: 88260000:error:0A000438:SSL routines:ssl3_read_bytes:tlsv1 alert internal error:c:\ws\deps\openssl\openssl\ssl\record\rec_layer_s3.c:1605:SSL alert number 80

function createFormatWrap(opts) {
    return new Format(opts);
  } | error: error in checkUserBlock service MongoServerSelectionError: 88260000:error:0A000438:SSL routines:ssl3_read_bytes:tlsv1 alert internal error:c:\ws\deps\openssl\openssl\ssl\record\rec_layer_s3.c:1605:SSL alert number 80

function createFormatWrap(opts) {
    return new Format(opts);
  } | error: Error from checkUserBlock: Error: MongoServerSelectionError: 88260000:error:0A000438:SSL routines:ssl3_read_bytes:tlsv1 alert internal error:c:\ws\deps\openssl\openssl\ssl\record\rec_layer_s3.c:1605:SSL alert number 80

function createFormatWrap(opts) {
    return new Format(opts);
  } | error: error in loadHomePage serive MongoServerSelectionError: 88260000:error:0A000438:SSL routines:ssl3_read_bytes:tlsv1 alert internal error:c:\ws\deps\openssl\openssl\ssl\record\rec_layer_s3.c:1605:SSL alert number 80

function createFormatWrap(opts) {
    return new Format(opts);
  } | error: home page error: Error: MongoServerSelectionError: 88260000:error:0A000438:SSL routines:ssl3_read_bytes:tlsv1 alert internal error:c:\ws\deps\openssl\openssl\ssl\record\rec_layer_s3.c:1605:SSL alert number 80

function createFormatWrap(opts) {
    return new Format(opts);
  } | error: guestAuth Error: MongoServerSelectionError: 88260000:error:0A000438:SSL routines:ssl3_read_bytes:tlsv1 alert internal error:c:\ws\deps\openssl\openssl\ssl\record\rec_layer_s3.c:1605:SSL alert number 80

function createFormatWrap(opts) {
    return new Format(opts);
  } | error: error in checkUserBlock service MongoServerSelectionError: 88260000:error:0A000438:SSL routines:ssl3_read_bytes:tlsv1 alert internal error:c:\ws\deps\openssl\openssl\ssl\record\rec_layer_s3.c:1605:SSL alert number 80

function createFormatWrap(opts) {
    return new Format(opts);
  } | error: Error from checkUserBlock: Error: MongoServerSelectionError: 88260000:error:0A000438:SSL routines:ssl3_read_bytes:tlsv1 alert internal error:c:\ws\deps\openssl\openssl\ssl\record\rec_layer_s3.c:1605:SSL alert number 80

function createFormatWrap(opts) {
    return new Format(opts);
  } | error: error in loadHomePage serive MongoServerSelectionError: 88260000:error:0A000438:SSL routines:ssl3_read_bytes:tlsv1 alert internal error:c:\ws\deps\openssl\openssl\ssl\record\rec_layer_s3.c:1605:SSL alert number 80

function createFormatWrap(opts) {
    return new Format(opts);
  } | error: home page error: Error: MongoServerSelectionError: 88260000:error:0A000438:SSL routines:ssl3_read_bytes:tlsv1 alert internal error:c:\ws\deps\openssl\openssl\ssl\record\rec_layer_s3.c:1605:SSL alert number 80

function createFormatWrap(opts) {
    return new Format(opts);
  } | error: guestAuth Error: MongoServerSelectionError: 88260000:error:0A000438:SSL routines:ssl3_read_bytes:tlsv1 alert internal error:c:\ws\deps\openssl\openssl\ssl\record\rec_layer_s3.c:1605:SSL alert number 80

function createFormatWrap(opts) {
    return new Format(opts);
  } | error: error in checkUserBlock service MongoServerSelectionError: 88260000:error:0A000438:SSL routines:ssl3_read_bytes:tlsv1 alert internal error:c:\ws\deps\openssl\openssl\ssl\record\rec_layer_s3.c:1605:SSL alert number 80

function createFormatWrap(opts) {
    return new Format(opts);
  } | error: Error from checkUserBlock: Error: MongoServerSelectionError: 88260000:error:0A000438:SSL routines:ssl3_read_bytes:tlsv1 alert internal error:c:\ws\deps\openssl\openssl\ssl\record\rec_layer_s3.c:1605:SSL alert number 80

function createFormatWrap(opts) {
    return new Format(opts);
  } | error: error in loadHomePage serive MongoServerSelectionError: 88260000:error:0A000438:SSL routines:ssl3_read_bytes:tlsv1 alert internal error:c:\ws\deps\openssl\openssl\ssl\record\rec_layer_s3.c:1605:SSL alert number 80

function createFormatWrap(opts) {
    return new Format(opts);
  } | error: home page error: Error: MongoServerSelectionError: 88260000:error:0A000438:SSL routines:ssl3_read_bytes:tlsv1 alert internal error:c:\ws\deps\openssl\openssl\ssl\record\rec_layer_s3.c:1605:SSL alert number 80

function createFormatWrap(opts) {
    return new Format(opts);
  } | error: guestAuth Error: MongoServerSelectionError: 88260000:error:0A000438:SSL routines:ssl3_read_bytes:tlsv1 alert internal error:c:\ws\deps\openssl\openssl\ssl\record\rec_layer_s3.c:1605:SSL alert number 80

function createFormatWrap(opts) {
    return new Format(opts);
  } | error: error in checkUserBlock service MongoServerSelectionError: 88260000:error:0A000438:SSL routines:ssl3_read_bytes:tlsv1 alert internal error:c:\ws\deps\openssl\openssl\ssl\record\rec_layer_s3.c:1605:SSL alert number 80

function createFormatWrap(opts) {
    return new Format(opts);
  } | error: Error from checkUserBlock: Error: MongoServerSelectionError: 88260000:error:0A000438:SSL routines:ssl3_read_bytes:tlsv1 alert internal error:c:\ws\deps\openssl\openssl\ssl\record\rec_layer_s3.c:1605:SSL alert number 80

function createFormatWrap(opts) {
    return new Format(opts);
  } | error: error in loadHomePage serive MongoServerSelectionError: 88260000:error:0A000438:SSL routines:ssl3_read_bytes:tlsv1 alert internal error:c:\ws\deps\openssl\openssl\ssl\record\rec_layer_s3.c:1605:SSL alert number 80

function createFormatWrap(opts) {
    return new Format(opts);
  } | error: home page error: Error: MongoServerSelectionError: 88260000:error:0A000438:SSL routines:ssl3_read_bytes:tlsv1 alert internal error:c:\ws\deps\openssl\openssl\ssl\record\rec_layer_s3.c:1605:SSL alert number 80

function createFormatWrap(opts) {
    return new Format(opts);
  } | error: guestAuth Error: MongoServerSelectionError: 88260000:error:0A000438:SSL routines:ssl3_read_bytes:tlsv1 alert internal error:c:\ws\deps\openssl\openssl\ssl\record\rec_layer_s3.c:1605:SSL alert number 80

function createFormatWrap(opts) {
    return new Format(opts);
  } | error: error in checkUserBlock service MongoServerSelectionError: 88260000:error:0A000438:SSL routines:ssl3_read_bytes:tlsv1 alert internal error:c:\ws\deps\openssl\openssl\ssl\record\rec_layer_s3.c:1605:SSL alert number 80

function createFormatWrap(opts) {
    return new Format(opts);
  } | error: Error from checkUserBlock: Error: MongoServerSelectionError: 88260000:error:0A000438:SSL routines:ssl3_read_bytes:tlsv1 alert internal error:c:\ws\deps\openssl\openssl\ssl\record\rec_layer_s3.c:1605:SSL alert number 80

function createFormatWrap(opts) {
    return new Format(opts);
  } | error: error in loadHomePage serive MongoServerSelectionError: 88260000:error:0A000438:SSL routines:ssl3_read_bytes:tlsv1 alert internal error:c:\ws\deps\openssl\openssl\ssl\record\rec_layer_s3.c:1605:SSL alert number 80

function createFormatWrap(opts) {
    return new Format(opts);
  } | error: home page error: Error: MongoServerSelectionError: 88260000:error:0A000438:SSL routines:ssl3_read_bytes:tlsv1 alert internal error:c:\ws\deps\openssl\openssl\ssl\record\rec_layer_s3.c:1605:SSL alert number 80

function createFormatWrap(opts) {
    return new Format(opts);
  } | error: guestAuth Error: MongoServerSelectionError: 88260000:error:0A000438:SSL routines:ssl3_read_bytes:tlsv1 alert internal error:c:\ws\deps\openssl\openssl\ssl\record\rec_layer_s3.c:1605:SSL alert number 80

function createFormatWrap(opts) {
    return new Format(opts);
  } | error: error in checkUserBlock service MongoServerSelectionError: 88260000:error:0A000438:SSL routines:ssl3_read_bytes:tlsv1 alert internal error:c:\ws\deps\openssl\openssl\ssl\record\rec_layer_s3.c:1605:SSL alert number 80

function createFormatWrap(opts) {
    return new Format(opts);
  } | error: Error from checkUserBlock: Error: MongoServerSelectionError: 88260000:error:0A000438:SSL routines:ssl3_read_bytes:tlsv1 alert internal error:c:\ws\deps\openssl\openssl\ssl\record\rec_layer_s3.c:1605:SSL alert number 80

function createFormatWrap(opts) {
    return new Format(opts);
  } | error: error in loadHomePage serive MongoServerSelectionError: 88260000:error:0A000438:SSL routines:ssl3_read_bytes:tlsv1 alert internal error:c:\ws\deps\openssl\openssl\ssl\record\rec_layer_s3.c:1605:SSL alert number 80

function createFormatWrap(opts) {
    return new Format(opts);
  } | error: home page error: Error: MongoServerSelectionError: 88260000:error:0A000438:SSL routines:ssl3_read_bytes:tlsv1 alert internal error:c:\ws\deps\openssl\openssl\ssl\record\rec_layer_s3.c:1605:SSL alert number 80

function createFormatWrap(opts) {
    return new Format(opts);
  } | error: guestAuth Error: MongoServerSelectionError: 88260000:error:0A000438:SSL routines:ssl3_read_bytes:tlsv1 alert internal error:c:\ws\deps\openssl\openssl\ssl\record\rec_layer_s3.c:1605:SSL alert number 80

function createFormatWrap(opts) {
    return new Format(opts);
  } | error: error in checkUserBlock service MongoServerSelectionError: 88260000:error:0A000438:SSL routines:ssl3_read_bytes:tlsv1 alert internal error:c:\ws\deps\openssl\openssl\ssl\record\rec_layer_s3.c:1605:SSL alert number 80

function createFormatWrap(opts) {
    return new Format(opts);
  } | error: Error from checkUserBlock: Error: MongoServerSelectionError: 88260000:error:0A000438:SSL routines:ssl3_read_bytes:tlsv1 alert internal error:c:\ws\deps\openssl\openssl\ssl\record\rec_layer_s3.c:1605:SSL alert number 80

function createFormatWrap(opts) {
    return new Format(opts);
  } | error: error in loadHomePage serive MongoServerSelectionError: 88260000:error:0A000438:SSL routines:ssl3_read_bytes:tlsv1 alert internal error:c:\ws\deps\openssl\openssl\ssl\record\rec_layer_s3.c:1605:SSL alert number 80

function createFormatWrap(opts) {
    return new Format(opts);
  } | error: home page error: Error: MongoServerSelectionError: 88260000:error:0A000438:SSL routines:ssl3_read_bytes:tlsv1 alert internal error:c:\ws\deps\openssl\openssl\ssl\record\rec_layer_s3.c:1605:SSL alert number 80

function createFormatWrap(opts) {
    return new Format(opts);
  } | error: guestAuth Error: MongoServerSelectionError: 88260000:error:0A000438:SSL routines:ssl3_read_bytes:tlsv1 alert internal error:c:\ws\deps\openssl\openssl\ssl\record\rec_layer_s3.c:1605:SSL alert number 80

function createFormatWrap(opts) {
    return new Format(opts);
  } | error: error in checkUserBlock service MongoServerSelectionError: 88260000:error:0A000438:SSL routines:ssl3_read_bytes:tlsv1 alert internal error:c:\ws\deps\openssl\openssl\ssl\record\rec_layer_s3.c:1605:SSL alert number 80

function createFormatWrap(opts) {
    return new Format(opts);
  } | error: Error from checkUserBlock: Error: MongoServerSelectionError: 88260000:error:0A000438:SSL routines:ssl3_read_bytes:tlsv1 alert internal error:c:\ws\deps\openssl\openssl\ssl\record\rec_layer_s3.c:1605:SSL alert number 80

function createFormatWrap(opts) {
    return new Format(opts);
  } | error: error in loadHomePage serive MongoServerSelectionError: 88260000:error:0A000438:SSL routines:ssl3_read_bytes:tlsv1 alert internal error:c:\ws\deps\openssl\openssl\ssl\record\rec_layer_s3.c:1605:SSL alert number 80

function createFormatWrap(opts) {
    return new Format(opts);
  } | error: home page error: Error: MongoServerSelectionError: 88260000:error:0A000438:SSL routines:ssl3_read_bytes:tlsv1 alert internal error:c:\ws\deps\openssl\openssl\ssl\record\rec_layer_s3.c:1605:SSL alert number 80

function createFormatWrap(opts) {
    return new Format(opts);
  } | error: guestAuth Error: MongoServerSelectionError: 88260000:error:0A000438:SSL routines:ssl3_read_bytes:tlsv1 alert internal error:c:\ws\deps\openssl\openssl\ssl\record\rec_layer_s3.c:1605:SSL alert number 80

function createFormatWrap(opts) {
    return new Format(opts);
  } | error: error in checkUserBlock service MongoServerSelectionError: 88260000:error:0A000438:SSL routines:ssl3_read_bytes:tlsv1 alert internal error:c:\ws\deps\openssl\openssl\ssl\record\rec_layer_s3.c:1605:SSL alert number 80

function createFormatWrap(opts) {
    return new Format(opts);
  } | error: Error from checkUserBlock: Error: MongoServerSelectionError: 88260000:error:0A000438:SSL routines:ssl3_read_bytes:tlsv1 alert internal error:c:\ws\deps\openssl\openssl\ssl\record\rec_layer_s3.c:1605:SSL alert number 80

function createFormatWrap(opts) {
    return new Format(opts);
  } | error: error in loadHomePage serive MongoServerSelectionError: 88260000:error:0A000438:SSL routines:ssl3_read_bytes:tlsv1 alert internal error:c:\ws\deps\openssl\openssl\ssl\record\rec_layer_s3.c:1605:SSL alert number 80

function createFormatWrap(opts) {
    return new Format(opts);
  } | error: home page error: Error: MongoServerSelectionError: 88260000:error:0A000438:SSL routines:ssl3_read_bytes:tlsv1 alert internal error:c:\ws\deps\openssl\openssl\ssl\record\rec_layer_s3.c:1605:SSL alert number 80

function createFormatWrap(opts) {
    return new Format(opts);
  } | error: guestAuth Error: MongoServerSelectionError: 88260000:error:0A000438:SSL routines:ssl3_read_bytes:tlsv1 alert internal error:c:\ws\deps\openssl\openssl\ssl\record\rec_layer_s3.c:1605:SSL alert number 80

function createFormatWrap(opts) {
    return new Format(opts);
  } | error: error in checkUserBlock service MongoServerSelectionError: 88260000:error:0A000438:SSL routines:ssl3_read_bytes:tlsv1 alert internal error:c:\ws\deps\openssl\openssl\ssl\record\rec_layer_s3.c:1605:SSL alert number 80

function createFormatWrap(opts) {
    return new Format(opts);
  } | error: Error from checkUserBlock: Error: MongoServerSelectionError: 88260000:error:0A000438:SSL routines:ssl3_read_bytes:tlsv1 alert internal error:c:\ws\deps\openssl\openssl\ssl\record\rec_layer_s3.c:1605:SSL alert number 80

function createFormatWrap(opts) {
    return new Format(opts);
  } | error: error in loadHomePage serive MongoServerSelectionError: 88260000:error:0A000438:SSL routines:ssl3_read_bytes:tlsv1 alert internal error:c:\ws\deps\openssl\openssl\ssl\record\rec_layer_s3.c:1605:SSL alert number 80

function createFormatWrap(opts) {
    return new Format(opts);
  } | error: home page error: Error: MongoServerSelectionError: 88260000:error:0A000438:SSL routines:ssl3_read_bytes:tlsv1 alert internal error:c:\ws\deps\openssl\openssl\ssl\record\rec_layer_s3.c:1605:SSL alert number 80

function createFormatWrap(opts) {
    return new Format(opts);
  } | error: error in checkUserBlock service MongoServerSelectionError: 88260000:error:0A000438:SSL routines:ssl3_read_bytes:tlsv1 alert internal error:c:\ws\deps\openssl\openssl\ssl\record\rec_layer_s3.c:1605:SSL alert number 80

function createFormatWrap(opts) {
    return new Format(opts);
  } | error: Error from checkUserBlock: Error: MongoServerSelectionError: 88260000:error:0A000438:SSL routines:ssl3_read_bytes:tlsv1 alert internal error:c:\ws\deps\openssl\openssl\ssl\record\rec_layer_s3.c:1605:SSL alert number 80

function createFormatWrap(opts) {
    return new Format(opts);
  } | info: Server is running on http://localhost:4040
function createFormatWrap(opts) {
    return new Format(opts);
  } | info: Database is connected
function createFormatWrap(opts) {
    return new Format(opts);
  } | info: Server is running on http://localhost:4040
function createFormatWrap(opts) {
    return new Format(opts);
  } | info: Database is connected
function createFormatWrap(opts) {
    return new Format(opts);
  } | info: Server is running on http://localhost:4040
function createFormatWrap(opts) {
    return new Format(opts);
  } | info: Database is connected
function createFormatWrap(opts) {
    return new Format(opts);
  } | info: Server is running on http://localhost:4040
function createFormatWrap(opts) {
    return new Format(opts);
  } | info: Database is connected
function createFormatWrap(opts) {
    return new Format(opts);
  } | info: Server is running on http://localhost:4040
function createFormatWrap(opts) {
    return new Format(opts);
  } | info: Database is connected
function createFormatWrap(opts) {
    return new Format(opts);
  } | info: Server is running on http://localhost:4040
function createFormatWrap(opts) {
    return new Format(opts);
  } | info: Database is connected
function createFormatWrap(opts) {
    return new Format(opts);
  } | info: Server is running on http://localhost:4040
function createFormatWrap(opts) {
    return new Format(opts);
  } | info: Database is connected
function createFormatWrap(opts) {
    return new Format(opts);
  } | error: Error in returnRequest service: CastError: Cast to ObjectId failed for value "8b239391-91fd-47a7-89b8-162c51110843" (type string) at path "_id" for model "Order"
function createFormatWrap(opts) {
    return new Format(opts);
  } | error: error in returnReq CastError: Cast to ObjectId failed for value "8b239391-91fd-47a7-89b8-162c51110843" (type string) at path "_id" for model "Order"
function createFormatWrap(opts) {
    return new Format(opts);
  } | error: Error in returnRequest service: CastError: Cast to ObjectId failed for value "8b239391-91fd-47a7-89b8-162c51110843" (type string) at path "_id" for model "Order"
function createFormatWrap(opts) {
    return new Format(opts);
  } | error: error in returnReq CastError: Cast to ObjectId failed for value "8b239391-91fd-47a7-89b8-162c51110843" (type string) at path "_id" for model "Order"
function createFormatWrap(opts) {
    return new Format(opts);
  } | info: Server is running on http://localhost:4040
function createFormatWrap(opts) {
    return new Format(opts);
  } | info: Database is connected
function createFormatWrap(opts) {
    return new Format(opts);
  } | info: Server is running on http://localhost:4040
function createFormatWrap(opts) {
    return new Format(opts);
  } | info: Database is connected
function createFormatWrap(opts) {
    return new Format(opts);
  } | error: Error in returnRequest service: CastError: Cast to ObjectId failed for value "8b239391-91fd-47a7-89b8-162c51110843" (type string) at path "_id" for model "Order"
function createFormatWrap(opts) {
    return new Format(opts);
  } | error: error in returnReq CastError: Cast to ObjectId failed for value "8b239391-91fd-47a7-89b8-162c51110843" (type string) at path "_id" for model "Order"
function createFormatWrap(opts) {
    return new Format(opts);
  } | info: Server is running on http://localhost:4040
function createFormatWrap(opts) {
    return new Format(opts);
  } | info: Database is connected
function createFormatWrap(opts) {
    return new Format(opts);
  } | info: Server is running on http://localhost:4040
function createFormatWrap(opts) {
    return new Format(opts);
  } | info: Database is connected
function createFormatWrap(opts) {
    return new Format(opts);
  } | info: Server is running on http://localhost:4040
function createFormatWrap(opts) {
    return new Format(opts);
  } | info: Server is running on http://localhost:4040
function createFormatWrap(opts) {
    return new Format(opts);
  } | info: Database is connected
function createFormatWrap(opts) {
    return new Format(opts);
  } | error: Error in returnRequest service: CastError: Cast to ObjectId failed for value "8b239391-91fd-47a7-89b8-162c51110843" (type string) at path "_id" for model "Order"
function createFormatWrap(opts) {
    return new Format(opts);
  } | error: error in returnReq CastError: Cast to ObjectId failed for value "8b239391-91fd-47a7-89b8-162c51110843" (type string) at path "_id" for model "Order"
function createFormatWrap(opts) {
    return new Format(opts);
  } | info: Server is running on http://localhost:4040
function createFormatWrap(opts) {
    return new Format(opts);
  } | info: Database is connected
function createFormatWrap(opts) {
    return new Format(opts);
  } | info: Server is running on http://localhost:4040
function createFormatWrap(opts) {
    return new Format(opts);
  } | info: Database is connected
function createFormatWrap(opts) {
    return new Format(opts);
  } | info: Server is running on http://localhost:4040
function createFormatWrap(opts) {
    return new Format(opts);
  } | info: Database is connected
function createFormatWrap(opts) {
    return new Format(opts);
  } | error: Error in returnRequest service: CastError: Cast to ObjectId failed for value "8b239391-91fd-47a7-89b8-162c51110843" (type string) at path "_id" for model "Order"
function createFormatWrap(opts) {
    return new Format(opts);
  } | error: error in returnReq CastError: Cast to ObjectId failed for value "8b239391-91fd-47a7-89b8-162c51110843" (type string) at path "_id" for model "Order"
function createFormatWrap(opts) {
    return new Format(opts);
  } | info: Server is running on http://localhost:4040
function createFormatWrap(opts) {
    return new Format(opts);
  } | info: Database is connected
function createFormatWrap(opts) {
    return new Format(opts);
  } | error: Error in returnRequest service: CastError: Cast to ObjectId failed for value "8b239391-91fd-47a7-89b8-162c51110843" (type string) at path "_id" for model "Order"
function createFormatWrap(opts) {
    return new Format(opts);
  } | error: error in returnReq CastError: Cast to ObjectId failed for value "8b239391-91fd-47a7-89b8-162c51110843" (type string) at path "_id" for model "Order"
function createFormatWrap(opts) {
    return new Format(opts);
  } | error: Error in returnRequest service: CastError: Cast to ObjectId failed for value "8b239391-91fd-47a7-89b8-162c51110843" (type string) at path "_id" for model "Order"
function createFormatWrap(opts) {
    return new Format(opts);
  } | error: error in returnReq CastError: Cast to ObjectId failed for value "8b239391-91fd-47a7-89b8-162c51110843" (type string) at path "_id" for model "Order"
function createFormatWrap(opts) {
    return new Format(opts);
  } | info: Server is running on http://localhost:4040
function createFormatWrap(opts) {
    return new Format(opts);
  } | info: Database is connected
function createFormatWrap(opts) {
    return new Format(opts);
  } | error: Error in returnRequest service: CastError: Cast to ObjectId failed for value "8b239391-91fd-47a7-89b8-162c51110843" (type string) at path "_id" for model "Order"
function createFormatWrap(opts) {
    return new Format(opts);
  } | error: error in returnReq CastError: Cast to ObjectId failed for value "8b239391-91fd-47a7-89b8-162c51110843" (type string) at path "_id" for model "Order"
function createFormatWrap(opts) {
    return new Format(opts);
  } | info: Server is running on http://localhost:4040
function createFormatWrap(opts) {
    return new Format(opts);
  } | info: Database is connected
function createFormatWrap(opts) {
    return new Format(opts);
  } | info: Server is running on http://localhost:4040
function createFormatWrap(opts) {
    return new Format(opts);
  } | info: Database is connected
function createFormatWrap(opts) {
    return new Format(opts);
  } | info: Server is running on http://localhost:4040
function createFormatWrap(opts) {
    return new Format(opts);
  } | info: Database is connected
function createFormatWrap(opts) {
    return new Format(opts);
  } | info: Server is running on http://localhost:4040
function createFormatWrap(opts) {
    return new Format(opts);
  } | info: Database is connected
function createFormatWrap(opts) {
    return new Format(opts);
  } | info: Server is running on http://localhost:4040
function createFormatWrap(opts) {
    return new Format(opts);
  } | info: Database is connected
function createFormatWrap(opts) {
    return new Format(opts);
  } | info: Server is running on http://localhost:4040
function createFormatWrap(opts) {
    return new Format(opts);
  } | info: Database is connected
function createFormatWrap(opts) {
    return new Format(opts);
  } | info: Server is running on http://localhost:4040
function createFormatWrap(opts) {
    return new Format(opts);
  } | info: Database is connected
