2026-03-11 00:01:58 | info: Server is running on http://localhost:4040
2026-03-11 00:01:59 | info: Database is connected
2026-03-11 00:09:54 | info: Server is running on http://localhost:4040
2026-03-11 00:09:55 | info: Database is connected
2026-03-11 00:15:22 | info: searchData 
2026-03-11 00:15:23 | info: searchData 
2026-03-11 00:15:23 | info: searchData 
2026-03-11 00:15:23 | info: searchData 
2026-03-11 00:15:23 | info: searchData 
2026-03-11 00:15:24 | info: searchData [object Object],[object Object],[object Object],[object Object],[object Object],[object Object],[object Object],[object Object],[object Object],[object Object],[object Object],[object Object],[object Object],[object Object],[object Object],[object Object],[object Object],[object Object],[object Object],[object Object],[object Object],[object Object],[object Object],[object Object],[object Object],[object Object],[object Object],[object Object],[object Object],[object Object],[object Object],[object Object],[object Object],[object Object],[object Object],[object Object],[object Object],[object Object],[object Object],[object Object],[object Object],[object Object],[object Object],[object Object],[object Object],[object Object],[object Object],[object Object],[object Object],[object Object],[object Object],[object Object],[object Object]
2026-03-11 00:15:25 | info: searchData [object Object],[object Object],[object Object],[object Object]
2026-03-11 00:15:28 | info: searchData [object Object],[object Object],[object Object],[object Object]
2026-03-11 00:15:30 | info: searchData 
2026-03-11 00:15:31 | info: searchData [object Object],[object Object],[object Object],[object Object]
2026-03-11 00:15:31 | info: searchData 
2026-03-11 00:15:32 | info: searchData [object Object],[object Object],[object Object],[object Object]
2026-03-11 00:15:32 | info: searchData 
2026-03-11 00:15:33 | info: searchData [object Object],[object Object],[object Object],[object Object]
2026-03-11 00:15:33 | info: searchData [object Object],[object Object],[object Object],[object Object],[object Object],[object Object],[object Object],[object Object],[object Object],[object Object],[object Object],[object Object],[object Object],[object Object],[object Object],[object Object],[object Object],[object Object],[object Object],[object Object],[object Object],[object Object],[object Object],[object Object],[object Object],[object Object],[object Object],[object Object],[object Object],[object Object],[object Object],[object Object],[object Object],[object Object],[object Object],[object Object],[object Object],[object Object],[object Object],[object Object],[object Object],[object Object],[object Object],[object Object],[object Object],[object Object],[object Object],[object Object],[object Object],[object Object],[object Object],[object Object],[object Object]
2026-03-11 00:15:34 | info: searchData [object Object],[object Object],[object Object],[object Object],[object Object],[object Object],[object Object],[object Object],[object Object],[object Object],[object Object],[object Object],[object Object],[object Object],[object Object],[object Object],[object Object],[object Object],[object Object],[object Object],[object Object],[object Object],[object Object],[object Object],[object Object],[object Object],[object Object],[object Object],[object Object],[object Object],[object Object],[object Object],[object Object],[object Object],[object Object],[object Object],[object Object],[object Object],[object Object],[object Object],[object Object],[object Object],[object Object],[object Object],[object Object],[object Object],[object Object]
2026-03-11 00:15:36 | info: searchData [object Object],[object Object],[object Object],[object Object],[object Object],[object Object],[object Object],[object Object],[object Object],[object Object],[object Object],[object Object],[object Object],[object Object],[object Object],[object Object],[object Object],[object Object],[object Object],[object Object],[object Object],[object Object],[object Object],[object Object],[object Object],[object Object],[object Object],[object Object],[object Object],[object Object],[object Object],[object Object],[object Object],[object Object],[object Object],[object Object],[object Object],[object Object],[object Object],[object Object],[object Object],[object Object],[object Object],[object Object],[object Object],[object Object],[object Object]
2026-03-11 00:15:38 | info: searchData [object Object],[object Object],[object Object],[object Object],[object Object],[object Object],[object Object],[object Object]
2026-03-11 00:15:39 | info: searchData [object Object]
2026-03-11 00:15:40 | info: searchData 
2026-03-11 00:15:41 | info: searchData [object Object]
2026-03-11 00:15:41 | info: searchData [object Object],[object Object],[object Object],[object Object],[object Object],[object Object],[object Object],[object Object]
2026-03-11 00:15:42 | info: searchData [object Object],[object Object],[object Object],[object Object],[object Object],[object Object],[object Object],[object Object],[object Object],[object Object],[object Object],[object Object],[object Object],[object Object],[object Object],[object Object],[object Object],[object Object],[object Object],[object Object],[object Object],[object Object],[object Object],[object Object],[object Object],[object Object],[object Object],[object Object],[object Object],[object Object],[object Object],[object Object],[object Object],[object Object],[object Object],[object Object],[object Object],[object Object],[object Object],[object Object],[object Object],[object Object],[object Object],[object Object],[object Object],[object Object],[object Object]
2026-03-11 00:15:42 | info: searchData [object Object],[object Object],[object Object],[object Object],[object Object],[object Object],[object Object],[object Object],[object Object],[object Object],[object Object],[object Object],[object Object],[object Object],[object Object],[object Object],[object Object],[object Object],[object Object],[object Object],[object Object],[object Object],[object Object],[object Object],[object Object],[object Object],[object Object],[object Object],[object Object],[object Object],[object Object],[object Object],[object Object],[object Object],[object Object],[object Object],[object Object],[object Object],[object Object],[object Object],[object Object],[object Object],[object Object],[object Object],[object Object],[object Object],[object Object],[object Object],[object Object],[object Object],[object Object],[object Object],[object Object]
2026-03-11 00:16:14 | info: start proced to checkout
